---
source: markup/tests/tests.rs
expression: "T1{}"
---
Hello
