---
source: markup/tests/tests.rs
expression: "Main{}"
---
None
Some(ZERO)
Some(1)

