---
source: markup/tests/tests.rs
expression: "Hello{}"
---
<div></div><br>
