---
source: markup/tests/tests.rs
expression: "Hello{arg: (1, 2), arg2: \"arg2\", str: \"str\", v: markup::dynamic!(foo { }),}"
---
<div>(1, 2)arg2str<foo></foo></div>
