---
source: markup/tests/tests.rs
expression: "Main{}"
---
None
Other
1 or 2
1 or 2
33

