---
source: markup/tests/tests.rs
expression: "Hello{}"
---
<span>3</span><span>7</span>
