---
source: markup/tests/tests.rs
expression: "Main{}"
---
-42 is negative.
0 is zero.
42 is positive.

