---
source: markup/tests/tests.rs
expression: "Hello{}"
---
<div a="1" b="2" c e-f="3" g-h="4" j="5"></div>
<br k="6">
<input type="text">
