---
source: markup/tests/tests.rs
expression: "Hello{}"
---
<div class="foo"><div class="bar"></div></div><button id="go" class="button button-blue"></button><button id="go-back" class="3 5"></button>
