---
source: markup/tests/tests.rs
expression: "Hello{}"
---
&lt;&amp;&quot;&gt;<span></span>
