---
source: markup/tests/tests.rs
expression: "Hello{}"
---
Hello, world!
3Ï€3457171011.12
