---
source: markup/tests/tests.rs
expression: "T2{}"
---
Hello, World!
